
 NX   --skip-nx-cache disables the connection to Nx Cloud for the current run.

The remote cache will not be read from or written to during this run.


 NX   Running target build for project electron-app and 1 task it depends on:



> nx run electron-app:build-worker

> tsc --project apps/electron-app/tsconfig.worker.json

> node apps/electron-app/move-worker-file.js

Moved worker file to: /home/twilde/src/firestone/firestone/dist/apps/electron-app/bgs-battle-sim-worker.thread.js
Moved worker source map to: /home/twilde/src/firestone/firestone/dist/apps/electron-app/bgs-battle-sim-worker.thread.js.map

> nx run electron-app:build

assets by path electron-edge-libs/ 157 MiB
  assets by path electron-edge-libs/mindvision-helper/ 71.9 MiB 193 assets
  assets by path electron-edge-libs/game-events-helper/ 74.7 MiB 191 assets
  assets by path electron-edge-libs/*.dll 6.19 MiB 14 assets
  assets by path electron-edge-libs/*.pdb 2.81 MiB 10 assets
  assets by path electron-edge-libs/*.js 25.2 KiB 5 assets
  assets by path electron-edge-libs/*.xml 894 KiB 3 assets
assets by status 16.3 MiB [emitted]
  asset main.js 16.3 MiB [emitted] [big] (name: main) 1 related asset
  asset package.json 420 bytes [emitted] [from: apps/electron-app/src/package.json] [copied]
assets by path assets/ 25.1 KiB
  asset assets/tray_icon.png 25.1 KiB [compared for emit] [from: apps/electron-app/src/assets/tray_icon.png] [copied]
  asset assets/gitkeep_tmpl_ 13 bytes [compared for emit] [from: apps/electron-app/src/assets/gitkeep_tmpl_] [copied]
asset main.preload.js 8.04 KiB [compared for emit] (name: main.preload) 1 related asset
orphan modules 194 KiB [orphan] 22 modules
runtime modules 1.95 KiB 9 modules
cacheable modules 13.4 MiB
  modules by path ./libs/ 2.98 MiB 1064 modules
  modules by path ./node_modules/ 10.2 MiB
    javascript modules 10.1 MiB 934 modules
    json modules 159 KiB
      ./node_modules/aws-sdk/apis/s3-2006-03-01.min.json 118 KiB [built] [code generated]
      + 8 modules
  modules by path ./apps/electron-app/src/ 154 KiB
    modules by path ./apps/electron-app/src/app/services/*.ts 123 KiB 16 modules
    modules by path ./apps/electron-app/src/app/events/*.ts 5.26 KiB 3 modules
    modules by path ./apps/electron-app/src/app/*.ts 20.3 KiB 2 modules
    + 3 modules
+ 25 modules
WARNING in ./libs/app/common/src/lib/services/end-game-listener.service.ts 245:1523-1541
export 'IAppVersionService' (imported as 'IAppVersionService') was not found in './app-version.interface' (possible exports: APP_VERSION_SERVICE_TOKEN)
 @ ./libs/app/common/src/index.ts 3:0-57 3:0-57
 @ ./apps/electron-app/src/app/services/electron-app-injector-setup.ts 2:0-250 109:32-59 168:37-64 169:30-57 219:29-42 220:30-43 226:30-55 233:36-55 234:30-49 235:34-51 236:30-47 241:32-54 242:30-52 245:24-44 246:30-50 257:32-54 258:30-52
 @ ./apps/electron-app/src/app/app.ts 16:0-74 374:33-49
 @ ./apps/electron-app/src/main.ts 4:0-28 16:8-16 21:13-34
WARNING in ./libs/app/common/src/lib/services/end-game-listener.service.ts 245:1561-1579
export 'IAppVersionService' (imported as 'IAppVersionService') was not found in './app-version.interface' (possible exports: APP_VERSION_SERVICE_TOKEN)
 @ ./libs/app/common/src/index.ts 3:0-57 3:0-57
 @ ./apps/electron-app/src/app/services/electron-app-injector-setup.ts 2:0-250 109:32-59 168:37-64 169:30-57 219:29-42 220:30-43 226:30-55 233:36-55 234:30-49 235:34-51 236:30-47 241:32-54 242:30-52 245:24-44 246:30-50 257:32-54 258:30-52
 @ ./apps/electron-app/src/app/app.ts 16:0-74 374:33-49
 @ ./apps/electron-app/src/main.ts 4:0-28 16:8-16 21:13-34
WARNING in ./libs/game-state/src/lib/services/cards/_barrel.ts 1:0-46
export 'GeneratingCard' (reexported as 'GeneratingCard') was not found in './_card.type' (possible exports: hasChainParsingCard, hasDynamicPool, hasGeneratingCard, hasOnCardPlayedWhileInHand, hasSelector, hasSpecialCaseParser, hasWillBeActive)
 @ ./libs/game-state/src/index.ts 22:0-45 22:0-45
 @ ./apps/electron-app/src/app/app.ts 8:0-51 381:48-58
 @ ./apps/electron-app/src/main.ts 4:0-28 16:8-16 21:13-34
WARNING in ./libs/game-state/src/lib/services/deck/deck-parser.service.ts 378:1125-1139
export 'LogFileBackend' (imported as 'LogFileBackend') was not found in '@firestone/shared/common/service' (possible exports: ARENA_DISCOVERS_DAILY_FREE_USES, ARENA_DRAFT_WEEKLY_FREE_USES, ARENA_MULLIGAN_DAILY_FREE_USES, AdvancedSettingDirective, AppNavigationService, BGS_HERO_SELECTION_DAILY_FREE_USES, BGS_QUESTS_DAILY_FREE_USES, BGS_TIMEWARPED_DAILY_FREE_USES, BGS_TRINKETS_DAILY_FREE_USES, BG_USE_ANOMALIES, BugReportService, CONSTRUCTED_DISCOVERS_DAILY_FREE_USES, CONSTRUCTED_MULLIGAN_DAILY_FREE_USES, DeckFilters, DiskCacheService, ENABLE_BGS_COMPS_IN_WIDGET, ENABLE_BGS_COMP_STATS, ENABLE_MULTI_GRAPHS, ENABLE_RANKED_ARCHETYPE, Events, ExpertContributorsService, FORCE_LOCAL_PROP, Ftue, GameStatusService, GlobalErrorService, HEARTHPWN_SYNC, LOG_FILE_BACKEND, LogListenerService, LogUtilsService, LogsUploaderService, NotificationsService, OverwolfLogFileBackendService, OwLegacyPremiumService, PatchesConfigService, Preferences, PreferencesService, PreferencesStorageService, PremiumDeeplinkService, S3FileUploadService, ScalingService, SharedCommonServiceModule, SimpleIOService, StandaloneAdService, SubscriptionService, TebexService, equalCurrentPlan, formatPatch, getGameBaseDir, getLogsDir, getNoCardsUrl, getNoMemoryReadingUrl, getTruncatedLogsUrl, premiumPlanIds, sanitizeDeckDefinition, sanitizeDeckstring)
 @ ./libs/game-state/src/index.ts 33:0-56 33:0-56
 @ ./apps/electron-app/src/app/app.ts 8:0-51 381:48-58
 @ ./apps/electron-app/src/main.ts 4:0-28 16:8-16 21:13-34
WARNING in ./libs/game-state/src/lib/services/deck/deck-parser.service.ts 378:1159-1173
export 'LogFileBackend' (imported as 'LogFileBackend') was not found in '@firestone/shared/common/service' (possible exports: ARENA_DISCOVERS_DAILY_FREE_USES, ARENA_DRAFT_WEEKLY_FREE_USES, ARENA_MULLIGAN_DAILY_FREE_USES, AdvancedSettingDirective, AppNavigationService, BGS_HERO_SELECTION_DAILY_FREE_USES, BGS_QUESTS_DAILY_FREE_USES, BGS_TIMEWARPED_DAILY_FREE_USES, BGS_TRINKETS_DAILY_FREE_USES, BG_USE_ANOMALIES, BugReportService, CONSTRUCTED_DISCOVERS_DAILY_FREE_USES, CONSTRUCTED_MULLIGAN_DAILY_FREE_USES, DeckFilters, DiskCacheService, ENABLE_BGS_COMPS_IN_WIDGET, ENABLE_BGS_COMP_STATS, ENABLE_MULTI_GRAPHS, ENABLE_RANKED_ARCHETYPE, Events, ExpertContributorsService, FORCE_LOCAL_PROP, Ftue, GameStatusService, GlobalErrorService, HEARTHPWN_SYNC, LOG_FILE_BACKEND, LogListenerService, LogUtilsService, LogsUploaderService, NotificationsService, OverwolfLogFileBackendService, OwLegacyPremiumService, PatchesConfigService, Preferences, PreferencesService, PreferencesStorageService, PremiumDeeplinkService, S3FileUploadService, ScalingService, SharedCommonServiceModule, SimpleIOService, StandaloneAdService, SubscriptionService, TebexService, equalCurrentPlan, formatPatch, getGameBaseDir, getLogsDir, getNoCardsUrl, getNoMemoryReadingUrl, getTruncatedLogsUrl, premiumPlanIds, sanitizeDeckDefinition, sanitizeDeckstring)
 @ ./libs/game-state/src/index.ts 33:0-56 33:0-56
 @ ./apps/electron-app/src/app/app.ts 8:0-51 381:48-58
 @ ./apps/electron-app/src/main.ts 4:0-28 16:8-16 21:13-34
WARNING in ./libs/shared/common/service/src/lib/models/preferences.ts 828:50-65
export 'OutOfCardsToken' (imported as 'OutOfCardsToken') was not found in './unfit-pref-model' (module has no exports)
 @ ./libs/shared/common/service/src/index.ts 4:0-41 4:0-41
 @ ./apps/electron-app/src/app/app.ts 9:0-88 375:47-63 382:49-67
 @ ./apps/electron-app/src/main.ts 4:0-28 16:8-16 21:13-34
WARNING in ./libs/shared/common/service/src/lib/models/preferences.ts 828:85-100
export 'OutOfCardsToken' (imported as 'OutOfCardsToken') was not found in './unfit-pref-model' (module has no exports)
 @ ./libs/shared/common/service/src/index.ts 4:0-41 4:0-41
 @ ./apps/electron-app/src/app/app.ts 9:0-88 375:47-63 382:49-67
 @ ./apps/electron-app/src/main.ts 4:0-28 16:8-16 21:13-34
WARNING in ./libs/shared/common/service/src/lib/services/logs/log-listener.service.ts 167:57-71
export 'LogFileBackend' (imported as 'LogFileBackend') was not found in './log-file-backend' (possible exports: LOG_FILE_BACKEND)
 @ ./libs/shared/common/service/src/index.ts 19:0-57 19:0-57
 @ ./apps/electron-app/src/app/app.ts 9:0-88 375:47-63 382:49-67
 @ ./apps/electron-app/src/main.ts 4:0-28 16:8-16 21:13-34
WARNING in ./libs/shared/common/service/src/lib/services/logs/log-listener.service.ts 167:91-105
export 'LogFileBackend' (imported as 'LogFileBackend') was not found in './log-file-backend' (possible exports: LOG_FILE_BACKEND)
 @ ./libs/shared/common/service/src/index.ts 19:0-57 19:0-57
 @ ./apps/electron-app/src/app/app.ts 9:0-88 375:47-63 382:49-67
 @ ./apps/electron-app/src/main.ts 4:0-28 16:8-16 21:13-34
webpack 5.102.1 compiled with 9 warnings in 18886 ms



 NX   Successfully ran target build for project electron-app and 1 task it depends on


